AR controlunit arq_controlunit C:/Users/utp.CRIE/Desktop/firstprocessor-juanoc097/procesador/ControlUnit.vhd sub00/vhpl21 1495142213
AR seu30 behavioral C:/Users/utp.CRIE/Desktop/firstprocessor-juanoc097/procesador/SEU30.vhd sub00/vhpl09 1495142201
EN adder NULL C:/Users/utp.CRIE/Desktop/firstprocessor-juanoc097/procesador/Adder.vhd sub00/vhpl02 1495142194
EN muxrfsc NULL C:/Users/utp.CRIE/Desktop/firstprocessor-juanoc097/procesador/MUXRFSC.vhd sub00/vhpl32 1495142224
EN psr NULL C:/Users/utp.CRIE/Desktop/firstprocessor-juanoc097/procesador/PSR.vhd sub00/vhpl12 1495142204
EN procesadorseis NULL C:/Users/utp.CRIE/Desktop/firstprocessor-juanoc097/procesador/ProcesadorSeis.vhd sub00/vhpl34 1495142226
EN seu NULL C:/Users/utp.CRIE/Desktop/firstprocessor-juanoc097/procesador/SEU.vhd sub00/vhpl18 1495142210
EN windowsmanager NULL C:/Users/utp.CRIE/Desktop/firstprocessor-juanoc097/procesador/WindowsManager.vhd sub00/vhpl10 1495142202
AR instructionmemory arq_instructionmemory C:/Users/utp.CRIE/Desktop/firstprocessor-juanoc097/procesador/InstructionMemory.vhd sub00/vhpl05 1495142197
AR programcounter arq_programcounter C:/Users/utp.CRIE/Desktop/firstprocessor-juanoc097/procesador/ProgramCounter.vhd sub00/vhpl01 1495142193
AR alu arq_alu C:/Users/utp.CRIE/Desktop/firstprocessor-juanoc097/procesador/ALU.vhd sub00/vhpl25 1495142217
AR muxrfd behavioral C:/Users/utp.CRIE/Desktop/firstprocessor-juanoc097/procesador/MUXRFD.vhd sub00/vhpl15 1495142207
AR adder arq_adder C:/Users/utp.CRIE/Desktop/firstprocessor-juanoc097/procesador/Adder.vhd sub00/vhpl03 1495142195
AR datamemory behavioral C:/Users/utp.CRIE/Desktop/firstprocessor-juanoc097/procesador/DataMemory.vhd sub00/vhpl31 1495142223
AR seu arq_seu C:/Users/utp.CRIE/Desktop/firstprocessor-juanoc097/procesador/SEU.vhd sub00/vhpl19 1495142211
EN muxpcsc NULL C:/Users/utp.CRIE/Desktop/firstprocessor-juanoc097/procesador/MUXPCSC.vhd sub00/vhpl28 1495142220
AR mux arq_mux C:/Users/utp.CRIE/Desktop/firstprocessor-juanoc097/procesador/MUX.vhd sub00/vhpl23 1495142215
EN muxrfd NULL C:/Users/utp.CRIE/Desktop/firstprocessor-juanoc097/procesador/MUXRFD.vhd sub00/vhpl14 1495142206
EN rf NULL C:/Users/utp.CRIE/Desktop/firstprocessor-juanoc097/procesador/RegisterFile.vhd sub00/vhpl16 1495142208
EN seu22 NULL C:/Users/utp.CRIE/Desktop/firstprocessor-juanoc097/procesador/SEU22.vhd sub00/vhpl06 1495142198
AR muxpcsc arq_muxpcsc C:/Users/utp.CRIE/Desktop/firstprocessor-juanoc097/procesador/MUXPCSC.vhd sub00/vhpl29 1495142221
EN seu30 NULL C:/Users/utp.CRIE/Desktop/firstprocessor-juanoc097/procesador/SEU30.vhd sub00/vhpl08 1495142200
AR psr arq_psr C:/Users/utp.CRIE/Desktop/firstprocessor-juanoc097/procesador/PSR.vhd sub00/vhpl13 1495142205
AR seu22 behavioral C:/Users/utp.CRIE/Desktop/firstprocessor-juanoc097/procesador/SEU22.vhd sub00/vhpl07 1495142199
EN programcounter NULL C:/Users/utp.CRIE/Desktop/firstprocessor-juanoc097/procesador/ProgramCounter.vhd sub00/vhpl00 1495142192
EN instructionmemory NULL C:/Users/utp.CRIE/Desktop/firstprocessor-juanoc097/procesador/InstructionMemory.vhd sub00/vhpl04 1495142196
EN controlunit NULL C:/Users/utp.CRIE/Desktop/firstprocessor-juanoc097/procesador/ControlUnit.vhd sub00/vhpl20 1495142212
EN mux NULL C:/Users/utp.CRIE/Desktop/firstprocessor-juanoc097/procesador/MUX.vhd sub00/vhpl22 1495142214
EN datamemory NULL C:/Users/utp.CRIE/Desktop/firstprocessor-juanoc097/procesador/DataMemory.vhd sub00/vhpl30 1495142222
AR rf arq_rf C:/Users/utp.CRIE/Desktop/firstprocessor-juanoc097/procesador/RegisterFile.vhd sub00/vhpl17 1495142209
AR windowsmanager arq_windowsmanager C:/Users/utp.CRIE/Desktop/firstprocessor-juanoc097/procesador/WindowsManager.vhd sub00/vhpl11 1495142203
EN psrmodifer NULL C:/Users/utp.CRIE/Desktop/firstprocessor-juanoc097/procesador/PSRModifer.vhd sub00/vhpl26 1495142218
EN alu NULL C:/Users/utp.CRIE/Desktop/firstprocessor-juanoc097/procesador/ALU.vhd sub00/vhpl24 1495142216
AR psrmodifer arq_psrmodifer C:/Users/utp.CRIE/Desktop/firstprocessor-juanoc097/procesador/PSRModifer.vhd sub00/vhpl27 1495142219
AR procesadorseis behavioral C:/Users/utp.CRIE/Desktop/firstprocessor-juanoc097/procesador/ProcesadorSeis.vhd sub00/vhpl35 1495142227
AR muxrfsc arq_muxrfsc C:/Users/utp.CRIE/Desktop/firstprocessor-juanoc097/procesador/MUXRFSC.vhd sub00/vhpl33 1495142225
