V3 71
FL C:/Users/utp.CRIE/Desktop/firstprocessor-juanoc097/procesador/Adder.vhd 2017/05/17.21:39:35 P.20131013
EN work/Adder 1495142194 \
      FL C:/Users/utp.CRIE/Desktop/firstprocessor-juanoc097/procesador/Adder.vhd \
      PB ieee/std_logic_1164 1381692176 PB ieee/NUMERIC_STD 1381692181 \
      PB ieee/STD_LOGIC_UNSIGNED 1381692179
AR work/Adder/arq_Adder 1495142195 \
      FL C:/Users/utp.CRIE/Desktop/firstprocessor-juanoc097/procesador/Adder.vhd \
      EN work/Adder 1495142194
FL C:/Users/utp.CRIE/Desktop/firstprocessor-juanoc097/procesador/ALU.vhd 2017/05/17.21:39:35 P.20131013
EN work/ALU 1495142216 \
      FL C:/Users/utp.CRIE/Desktop/firstprocessor-juanoc097/procesador/ALU.vhd \
      PB ieee/std_logic_1164 1381692176 PB ieee/std_logic_arith 1381692177 \
      PB ieee/NUMERIC_STD 1381692181 PB ieee/STD_LOGIC_SIGNED 1381692178
AR work/ALU/arq_ALU 1495142217 \
      FL C:/Users/utp.CRIE/Desktop/firstprocessor-juanoc097/procesador/ALU.vhd \
      EN work/ALU 1495142216
FL C:/Users/utp.CRIE/Desktop/firstprocessor-juanoc097/procesador/ControlUnit.vhd 2017/05/17.21:39:35 P.20131013
EN work/ControlUnit 1495142212 \
      FL C:/Users/utp.CRIE/Desktop/firstprocessor-juanoc097/procesador/ControlUnit.vhd \
      PB ieee/std_logic_1164 1381692176
AR work/ControlUnit/arq_ControlUnit 1495142213 \
      FL C:/Users/utp.CRIE/Desktop/firstprocessor-juanoc097/procesador/ControlUnit.vhd \
      EN work/ControlUnit 1495142212
FL C:/Users/utp.CRIE/Desktop/firstprocessor-juanoc097/procesador/DataMemory.vhd 2017/05/17.21:39:35 P.20131013
EN work/DataMemory 1495142222 \
      FL C:/Users/utp.CRIE/Desktop/firstprocessor-juanoc097/procesador/DataMemory.vhd \
      PB ieee/std_logic_1164 1381692176 PB ieee/NUMERIC_STD 1381692181 \
      PB ieee/STD_LOGIC_UNSIGNED 1381692179
AR work/DataMemory/Behavioral 1495142223 \
      FL C:/Users/utp.CRIE/Desktop/firstprocessor-juanoc097/procesador/DataMemory.vhd \
      EN work/DataMemory 1495142222
FL C:/Users/utp.CRIE/Desktop/firstprocessor-juanoc097/procesador/InstructionMemory.vhd 2017/05/17.21:39:35 P.20131013
EN work/InstructionMemory 1495142196 \
      FL C:/Users/utp.CRIE/Desktop/firstprocessor-juanoc097/procesador/InstructionMemory.vhd \
      PB ieee/std_logic_1164 1381692176 PB ieee/NUMERIC_STD 1381692181 \
      PB ieee/STD_LOGIC_UNSIGNED 1381692179 PB std/TEXTIO 1381692176
AR work/InstructionMemory/arq_InstructionMemory 1495142197 \
      FL C:/Users/utp.CRIE/Desktop/firstprocessor-juanoc097/procesador/InstructionMemory.vhd \
      EN work/InstructionMemory 1495142196
FL C:/Users/utp.CRIE/Desktop/firstprocessor-juanoc097/procesador/MUX.vhd 2017/05/17.21:39:35 P.20131013
EN work/MUX 1495142214 \
      FL C:/Users/utp.CRIE/Desktop/firstprocessor-juanoc097/procesador/MUX.vhd \
      PB ieee/std_logic_1164 1381692176
AR work/MUX/arq_MUX 1495142215 \
      FL C:/Users/utp.CRIE/Desktop/firstprocessor-juanoc097/procesador/MUX.vhd \
      EN work/MUX 1495142214
FL C:/Users/utp.CRIE/Desktop/firstprocessor-juanoc097/procesador/MUXPCSC.vhd 2017/05/17.21:39:35 P.20131013
EN work/MUXPCSC 1495142220 \
      FL C:/Users/utp.CRIE/Desktop/firstprocessor-juanoc097/procesador/MUXPCSC.vhd \
      PB ieee/std_logic_1164 1381692176 PB ieee/std_logic_arith 1381692177 \
      PB ieee/NUMERIC_STD 1381692181 PB ieee/STD_LOGIC_SIGNED 1381692178
AR work/MUXPCSC/arq_MUXPCSC 1495142221 \
      FL C:/Users/utp.CRIE/Desktop/firstprocessor-juanoc097/procesador/MUXPCSC.vhd \
      EN work/MUXPCSC 1495142220
FL C:/Users/utp.CRIE/Desktop/firstprocessor-juanoc097/procesador/MUXRFD.vhd 2017/05/17.21:39:35 P.20131013
EN work/MUXRFD 1495142206 \
      FL C:/Users/utp.CRIE/Desktop/firstprocessor-juanoc097/procesador/MUXRFD.vhd \
      PB ieee/std_logic_1164 1381692176
AR work/MUXRFD/Behavioral 1495142207 \
      FL C:/Users/utp.CRIE/Desktop/firstprocessor-juanoc097/procesador/MUXRFD.vhd \
      EN work/MUXRFD 1495142206
FL C:/Users/utp.CRIE/Desktop/firstprocessor-juanoc097/procesador/MUXRFSC.vhd 2017/05/17.21:39:35 P.20131013
EN work/MUXRFSC 1495142224 \
      FL C:/Users/utp.CRIE/Desktop/firstprocessor-juanoc097/procesador/MUXRFSC.vhd \
      PB ieee/std_logic_1164 1381692176
AR work/MUXRFSC/arq_MUXRFSC 1495142225 \
      FL C:/Users/utp.CRIE/Desktop/firstprocessor-juanoc097/procesador/MUXRFSC.vhd \
      EN work/MUXRFSC 1495142224
FL C:/Users/utp.CRIE/Desktop/firstprocessor-juanoc097/procesador/ProcesadorSeis.vhd 2017/05/17.21:39:35 P.20131013
EN work/ProcesadorSeis 1495142226 \
      FL C:/Users/utp.CRIE/Desktop/firstprocessor-juanoc097/procesador/ProcesadorSeis.vhd \
      PB ieee/std_logic_1164 1381692176
AR work/ProcesadorSeis/Behavioral 1495142227 \
      FL C:/Users/utp.CRIE/Desktop/firstprocessor-juanoc097/procesador/ProcesadorSeis.vhd \
      EN work/ProcesadorSeis 1495142226 CP ProgramCounter CP Adder \
      CP InstructionMemory CP SEU22 CP SEU30 CP WindowsManager CP PSR CP MUXRFD CP RF \
      CP SEU CP ControlUnit CP MUX CP ALU CP PSRModifer CP MUXPCSC CP DataMemory \
      CP MUXRFSC
FL C:/Users/utp.CRIE/Desktop/firstprocessor-juanoc097/procesador/ProgramCounter.vhd 2017/05/17.21:39:35 P.20131013
EN work/ProgramCounter 1495142192 \
      FL C:/Users/utp.CRIE/Desktop/firstprocessor-juanoc097/procesador/ProgramCounter.vhd \
      PB ieee/std_logic_1164 1381692176 PB ieee/NUMERIC_STD 1381692181 \
      PB ieee/STD_LOGIC_UNSIGNED 1381692179
AR work/ProgramCounter/arq_ProgramCounter 1495142193 \
      FL C:/Users/utp.CRIE/Desktop/firstprocessor-juanoc097/procesador/ProgramCounter.vhd \
      EN work/ProgramCounter 1495142192
FL C:/Users/utp.CRIE/Desktop/firstprocessor-juanoc097/procesador/PSR.vhd 2017/05/17.21:39:35 P.20131013
EN work/PSR 1495142204 \
      FL C:/Users/utp.CRIE/Desktop/firstprocessor-juanoc097/procesador/PSR.vhd \
      PB ieee/std_logic_1164 1381692176
AR work/PSR/arq_PSR 1495142205 \
      FL C:/Users/utp.CRIE/Desktop/firstprocessor-juanoc097/procesador/PSR.vhd \
      EN work/PSR 1495142204
FL C:/Users/utp.CRIE/Desktop/firstprocessor-juanoc097/procesador/PSRModifer.vhd 2017/05/17.21:39:35 P.20131013
EN work/PSRModifer 1495142218 \
      FL C:/Users/utp.CRIE/Desktop/firstprocessor-juanoc097/procesador/PSRModifer.vhd \
      PB ieee/std_logic_1164 1381692176 PB ieee/NUMERIC_STD 1381692181 \
      PB ieee/STD_LOGIC_SIGNED 1381692178
AR work/PSRModifer/arq_PSRModifer 1495142219 \
      FL C:/Users/utp.CRIE/Desktop/firstprocessor-juanoc097/procesador/PSRModifer.vhd \
      EN work/PSRModifer 1495142218
FL C:/Users/utp.CRIE/Desktop/firstprocessor-juanoc097/procesador/RegisterFile.vhd 2017/05/17.21:39:35 P.20131013
EN work/RF 1495142208 \
      FL C:/Users/utp.CRIE/Desktop/firstprocessor-juanoc097/procesador/RegisterFile.vhd \
      PB ieee/std_logic_1164 1381692176 PB ieee/NUMERIC_STD 1381692181 \
      PB ieee/STD_LOGIC_UNSIGNED 1381692179 PB std/TEXTIO 1381692176
AR work/RF/arq_RF 1495142209 \
      FL C:/Users/utp.CRIE/Desktop/firstprocessor-juanoc097/procesador/RegisterFile.vhd \
      EN work/RF 1495142208
FL C:/Users/utp.CRIE/Desktop/firstprocessor-juanoc097/procesador/SEU.vhd 2017/05/17.21:39:35 P.20131013
EN work/SEU 1495142210 \
      FL C:/Users/utp.CRIE/Desktop/firstprocessor-juanoc097/procesador/SEU.vhd \
      PB ieee/std_logic_1164 1381692176
AR work/SEU/arq_SEU 1495142211 \
      FL C:/Users/utp.CRIE/Desktop/firstprocessor-juanoc097/procesador/SEU.vhd \
      EN work/SEU 1495142210
FL C:/Users/utp.CRIE/Desktop/firstprocessor-juanoc097/procesador/SEU22.vhd 2017/05/17.21:39:35 P.20131013
EN work/SEU22 1495142198 \
      FL C:/Users/utp.CRIE/Desktop/firstprocessor-juanoc097/procesador/SEU22.vhd \
      PB ieee/std_logic_1164 1381692176
AR work/SEU22/Behavioral 1495142199 \
      FL C:/Users/utp.CRIE/Desktop/firstprocessor-juanoc097/procesador/SEU22.vhd \
      EN work/SEU22 1495142198
FL C:/Users/utp.CRIE/Desktop/firstprocessor-juanoc097/procesador/SEU30.vhd 2017/05/17.21:39:35 P.20131013
EN work/SEU30 1495142200 \
      FL C:/Users/utp.CRIE/Desktop/firstprocessor-juanoc097/procesador/SEU30.vhd \
      PB ieee/std_logic_1164 1381692176
AR work/SEU30/Behavioral 1495142201 \
      FL C:/Users/utp.CRIE/Desktop/firstprocessor-juanoc097/procesador/SEU30.vhd \
      EN work/SEU30 1495142200
FL C:/Users/utp.CRIE/Desktop/firstprocessor-juanoc097/procesador/WindowsManager.vhd 2017/05/17.21:39:35 P.20131013
EN work/WindowsManager 1495142202 \
      FL C:/Users/utp.CRIE/Desktop/firstprocessor-juanoc097/procesador/WindowsManager.vhd \
      PB ieee/std_logic_1164 1381692176 PB ieee/std_logic_arith 1381692177 \
      PB ieee/NUMERIC_STD 1381692181 PB ieee/STD_LOGIC_UNSIGNED 1381692179
AR work/WindowsManager/arq_WindowsManager 1495142203 \
      FL C:/Users/utp.CRIE/Desktop/firstprocessor-juanoc097/procesador/WindowsManager.vhd \
      EN work/WindowsManager 1495142202
